// Jest Snapshot v1, https://goo.gl/fbAQLP

exports[`Pruebas en GifGrid Debe mostrar el componente correctamente 1`] = `
<div
  className="card animate__animated animate__fadeIn"
>
  <img
    alt="titulo"
    src="http://url.com"
  />
  <p>
    titulo
  </p>
</div>
`;
